<!--
   This file is used to test whether or not the dynamic producer will be used
   when loading an xhtml document from outside a doc.zip. The paragraph at the
   bottom should always be filtered out by the producer.
--><!DOCTYPE html PUBLIC "-//W3C//DTD XHTML 1.0 Transitional//EN" "http://www.w3.org/TR/xhtml1/DTD/xhtml1-transitional.dtd">
<html xmlns="http://www.w3.org/1999/xhtml">
<head>

<title>dynamic.xhtml</title>
</head>
<body>

<h2>dynamic.xhtml</h2>
<p>
This page contains filtered content.
</p>

<p filter="os!=invalid">
This paragraph, which has filter attribute "os!=invalid" should never be filtered out.
</p>

<p filter="plugin!=my.invalid.plugin.id.012345">
This paragraph, which has filter attribute "plugin!=my.invalid.plugin.id.012345" should never be filtered out.
</p>

<p>
   <filter name="plugin" value="!my.invalid.plugin.id.012345"/>
   This paragraph, which has filter element name="plugin", value="!my.invalid.plugin.id.012345",
   should never be filtered out.
</p>

<p id="my.paragraph.id">
   This paragraph comes from <code>include.xhtml</code>.
</p>
<p id="paragraphInZip">
This paragraph comes from dynamicInZip.xhtml in doc.zip.
</p>

</body>
</html>