<!--
   This file is used to test whether or not the dynamic producer will be used
   when loading an xhtml document from inside a doc.zip. The paragraph at the
   bottom should always be filtered out by the producer.
--><!DOCTYPE html PUBLIC "-//W3C//DTD XHTML 1.0 Transitional//EN" "http://www.w3.org/TR/xhtml1/DTD/xhtml1-transitional.dtd">
<html xmlns="http://www.w3.org/1999/xhtml">
<head>

<title>dynamicInZip.xhtml</title>
</head>
<body>

<h2>dynamicInZip.xhtml</h2>
<p>
This file is located in the doc.zip in the root of the test plugin. It is used to test whether
or not dynamic content producers are being called properly for files in doc.zip. The paragraph
below should always be filtered out by the dynamic content producer.
</p>

<p id="paragraphInZip">
This paragraph comes from dynamicInZip.xhtml in doc.zip.
</p>

</body>
</html>